// Jest Snapshot v1, https://goo.gl/fbAQLP

exports[`renders a snapshot 1`] = `
<div
  className="App"
>
  <div
    className="card"
    style={
      Object {
        "width": "18rem",
      }
    }
  >
    <img
      className="card-img-top"
      src="MeoYo.jpg"
    />
    <div
      className="card-body"
    >
      <div
        className="card-title h5"
      >
        David Miguel Salvat
      </div>
      <p
        className="card-text"
      >
        The musical coder
      </p>
      <button
        className="btn btn-primary"
        disabled={false}
        type="button"
      >
        Go somewhere
      </button>
    </div>
  </div>
</div>
`;
